$ python .orchestration/evidence/F02/a6-design-attempt2/paths2.py
README.md:54  content/asset-approvals.json  labelled_proposed_on_line_or_heading=True  heading='## 2. Contract index'
approval-scopes.md:15  content/asset-approvals.json  labelled_proposed_on_line_or_heading=True  heading='## 1. The gates, operationally'
approval-scopes.md:18  .orchestration/release.json  labelled_proposed_on_line_or_heading=True  heading='## 1. The gates, operationally'
approval-scopes.md:56  scripts/verify-assets.ts  labelled_proposed_on_line_or_heading=True  heading='## 3. The existing hash-bound mechanism (facts)'
approval-scopes.md:95  content/asset-approvals.json  labelled_proposed_on_line_or_heading=True  heading='### 4.1 Ledger'
approval-scopes.md:102  .orchestration/approval-packets/  labelled_proposed_on_line_or_heading=True  heading='### 4.1 Ledger'
approval-scopes.md:115  scripts/verify-assets.ts  labelled_proposed_on_line_or_heading=True  heading='### 4.3 Verifier and guards (proposed owners)'
approval-scopes.md:126  content/asset-approvals.json  labelled_proposed_on_line_or_heading=True  heading='## 5. Who may write approvals'
approval-scopes.md:128  content/asset-approvals.json  labelled_proposed_on_line_or_heading=False  heading='## 5. Who may write approvals'
approval-scopes.md:128  .orchestration/approval-packets/  labelled_proposed_on_line_or_heading=False  heading='## 5. Who may write approvals'
approval-scopes.md:128  .orchestration/release.json  labelled_proposed_on_line_or_heading=False  heading='## 5. Who may write approvals'
asset-manifest.md:6  content/marketing/asset-manifest.json  labelled_proposed_on_line_or_heading=True  heading='# Asset manifest 1.0: semantics'
asset-manifest.md:6  docs/marketing/media-manifest-first-release.json  labelled_proposed_on_line_or_heading=True  heading='# Asset manifest 1.0: semantics'
asset-manifest.md:6  docs/marketing/media-manifest-quarter.json  labelled_proposed_on_line_or_heading=True  heading='# Asset manifest 1.0: semantics'
asset-manifest.md:49  content/asset-approvals.json#<asset_id>@<locale>@v<n>  labelled_proposed_on_line_or_heading=True  heading='## 3. Approval rules'
asset-manifest.md:85  scripts/verify-assets.ts  labelled_proposed_on_line_or_heading=True  heading='## 4. Rule index'
event-envelope.md:4  lib/marketing/  labelled_proposed_on_line_or_heading=True  heading='# Event envelope 1.0: semantics'
event-envelope.md:4  app/api/marketing/  labelled_proposed_on_line_or_heading=True  heading='# Event envelope 1.0: semantics'
event-envelope.md:4  app/api/internal/automation/  labelled_proposed_on_line_or_heading=True  heading='# Event envelope 1.0: semantics'
event-envelope.md:126  app/api/marketing/  labelled_proposed_on_line_or_heading=True  heading='## 5. Source codes'
feature-flags.md:104  .orchestration/release.json  labelled_proposed_on_line_or_heading=True  heading='## 6. Where the documents live (proposed)'
feature-flags.md:105  infra/deployment/  labelled_proposed_on_line_or_heading=True  heading='## 6. Where the documents live (proposed)'
operational-data-model.md:3  supabase/migrations/  labelled_proposed_on_line_or_heading=True  heading='# Minimal operational data model (contract 1.0)'
operational-data-model.md:3  tests/security/  labelled_proposed_on_line_or_heading=True  heading='# Minimal operational data model (contract 1.0)'
operational-data-model.md:236  app/api/internal/automation/  labelled_proposed_on_line_or_heading=True  heading='## 4. Access: RLS, grants and server operations'
routes.md:74  app/[lang]/[[...slug]]  labelled_proposed_on_line_or_heading=False  heading='### 3.1 Pages (localized, under `app/[lang]/[[...slug]]`)'
routes.md:110  app/operations/  labelled_proposed_on_line_or_heading=True  heading='### 3.2 Non-localized routes (API and operations)'
routes.md:113  public/guides/  labelled_proposed_on_line_or_heading=True  heading='### 3.2 Non-localized routes (API and operations)'
workshop-inputs.md:37  lib/workshop/model/  labelled_proposed_on_line_or_heading=True  heading='## 2. Names checked against the existing repository'
workshop-inputs.md:37  tests/workshop/math/  labelled_proposed_on_line_or_heading=True  heading='## 2. Names checked against the existing repository'
workshop-inputs.md:37  lib/workshop/state/  labelled_proposed_on_line_or_heading=True  heading='## 2. Names checked against the existing repository'
workshop-inputs.md:37  components/workshop/  labelled_proposed_on_line_or_heading=True  heading='## 2. Names checked against the existing repository'
workshop-inputs.md:37  lib/workshop/clips/  labelled_proposed_on_line_or_heading=True  heading='## 2. Names checked against the existing repository'
workshop-inputs.md:37  components/workshop/media/  labelled_proposed_on_line_or_heading=True  heading='## 2. Names checked against the existing repository'

absent paths: 34  unlabelled: 4
exit=0
