OK   WM02 D_5 5520404.016
OK   WM02 D_6 5630812.09632
OK   WM02 D_7 5743428.3382464
OK   WM02 D_8 5858296.905011328
OK   WM02 D_9 5975462.84311155456
OK   WM02 D_10 6094972.0999737856512
OK   WM02 D_11 6216871.541973261364224
OK   WM02 D_12 6341208.97281272659150848
OK   WM02 D_13 6468033.1522689811233386496
OK   WM02 D_14 6597393.815314360745805422592
OK   WM02 geometric series identity 60446883.781032398036076552192
OK   WM02 deflated gap t=5 
OK   WM02 deflated gap t=6 
OK   WM02 deflated gap t=7 
OK   WM02 deflated gap t=8 
OK   WM02 deflated gap t=9 
OK   WM02 deflated gap t=10 
OK   WM02 deflated gap t=11 
OK   WM02 deflated gap t=12 
OK   WM02 deflated gap t=13 
OK   WM02 deflated gap t=14 
OK   WM14 5 x 1,800,000 
OK   WM15 growing annuity 80458251 vs 80458251
OK   WM15 cents 
OK   WM16 level annuity 25369100 vs 25369100
OK   WM35 deferred growing annuity at start of t_R 20223203 vs 20223203
OK   WM35 valued_at.t = 4 (not 0) t=0 value would be 17286878
OK   WM12 C_R = sum of positive gaps only 339131.5372
OK   WM12 has both surplus and gap years surplus years 4, gap years 2
OK   float Math.round(1010050.5) = 1010051 (half-up) 
OK   half-even 1010050.5 -> 1010050 
OK   float64 1,000,800*1.025*1.025 = 1051465.4999999998 1051465.4999999998
OK   exact = 1051465.5 -> 1051466 
OK   WM24 row contains the tie and rounds up to even 
     WM17 rows: 0:1000050->1000050 surplus 100->100 | 1:1010050.5->1010050 surplus 101->101 | 2:1020151.005->1020151 surplus 102.01->102
OK   bound D_t max 2,000,944,911,742 2000944911742
OK   bound P max 1,000,472,455,871 1000472455871
OK   bound group 8P 8,003,779,646,969 8003779646969
OK   bound C_R(r=0) 21,938,105,946,171 21938105946171
OK   all bounds < 2^53-1 
OK   max t over the input space = 102 102
OK   §9 example 8 x 1,100,004.4: rows 8,800,032 total 8,800,035 8800032 8800035
ALL OK
