== environment
v22.22.2
jsonschema 4.26.0
ajv 8.20.0
== contract hashes under review
583bd20434605b5dc5aa48288f706c0af9014607536f1ccac026fa501a260fbf  .orchestration/contracts/workshop-math.md
ba3da0b8de3f41929452cf705f9bbd71a2171d52d93dbb4bb3bd6cb7081d5757  .orchestration/contracts/workshop-inputs.md
f6b78b9e4db2108a53154bebe6344c6bde62b7b2e163c9d610e9912902429aff  .orchestration/contracts/workshop-clip-rules.md
20df5bc3a360a70d2cbaef2d980d72181a938571f9c602f4377d135fcca3775e  .orchestration/contracts/workshop-inputs.schema.json
2855ae7c6330777a343cc7e2757d6016b9977b0fa39a981a26028a0ab38dc644  .orchestration/contracts/fixtures/workshop/WM01-zero-inflation-zero-escalation.json
03765112fb6102f81d9b43ef3f0cc0edc08b0ca307b8d5c75e686baea5e7e579  .orchestration/contracts/fixtures/workshop/WM02-geometric-growth-closed-form.json
ea0b927c60e9d6b5489292ee5678620254f8225b2001c212e40e654e7e42c64d  .orchestration/contracts/fixtures/workshop/WM03-later-income-start.json
e531e1178ce646fae13071e7b9210861ccf3c418b1985a72950bd41e9acc83ff  .orchestration/contracts/fixtures/workshop/WM04-price-basis-today-vs-start-year.json
d1da16c8459ff366ae7110403559ba87f9f1de1bbe63183b61492bbb7d0eef85  .orchestration/contracts/fixtures/workshop/WM05-month-to-year-conversion.json
e10ea13688e4098609d4aa9af5157421ea9496bf96c2d3bcde83de75168d40e5  .orchestration/contracts/fixtures/workshop/WM06-zero-income-declared.json
37d6c8b8ceb916752690aadbe897f2fb93cde49d0d7b3e0c6cbd86ba5dae9a5d  .orchestration/contracts/fixtures/workshop/WM07-unknown-income-not-answered.json
83b4a8e586b3b6df2af5ed40b759a6399650bfa129c64c8adba73b7d1932d4b6  .orchestration/contracts/fixtures/workshop/WM08-unknown-amount-later-start.json
60bb6d1e72bbc52027bba096e5699df67e019c734f0fae7aa1c7f4373f31fedc  .orchestration/contracts/fixtures/workshop/WM09-gross-net-mismatch.json
8abb0c7e7f1a933b252a0ac3e9db52da8b67b1d9243180d05ba30f0f74123585  .orchestration/contracts/fixtures/workshop/WM10-housing-only-wealth.json
6e73333f4231d36d403949fa216097358f28fbf8b1465637df6f5753d82ab4bf  .orchestration/contracts/fixtures/workshop/WM11-pension-double-count.json
fa98b2d3610d7a3e1e1d7a2f8f00d60582d9488197eda1cf91f6ad5c416d740d  .orchestration/contracts/fixtures/workshop/WM12-surplus-years.json
514274b3dbebb38a19dc4b285dc1bfee856ba6e80b330637f31dc6e23a8980bd  .orchestration/contracts/fixtures/workshop/WM13-retirement-year-boundary.json
b260add745e16e0e0f407bebe1173be066ea1fab20f3657f18220ac968847dde  .orchestration/contracts/fixtures/workshop/WM14-capital-illustration-r-zero.json
346c0e24d4f0ab71e36eedcf572697c3592337ddad303a3038564ff92bbd1a89  .orchestration/contracts/fixtures/workshop/WM15-capital-illustration-growing-annuity.json
58707dc6fe47704f695f5d5c3a223a5aaf0c68d62e0a34c3cc279054db3560c8  .orchestration/contracts/fixtures/workshop/WM16-capital-illustration-level-annuity.json
6d90881b23d6c19ab965bb38a78314a2bc229fa7f83048098bd0ce24fd4fd143  .orchestration/contracts/fixtures/workshop/WM17-rounding-half-even.json
162a9081e2661e3ccbb0d799d50e53388763779f4a3e23c457662295cab9ed5a  .orchestration/contracts/fixtures/workshop/WM18-horizon-and-source-end.json
24c12cdb2492d9bd6c9f8b3c7b7d7e5d558da5fd5f89536e557a12d946f05fc2  .orchestration/contracts/fixtures/workshop/WM19-uncertain-income-labelled-scheduled.json
2e1f29dad9fb8f01ca75d247727dc3bd3c76df274ef30c620c3047253e9be1cf  .orchestration/contracts/fixtures/workshop/WM20-timing-unknown.json
d6a54dfa6fb6dc71719230b2f521167e84542fe66e5d9e0d4dadd1a7b5a423d8  .orchestration/contracts/fixtures/workshop/WM21-household-timing.json
0e4160acae3c0573f690c8205822c0ecba5d992675125782e7e1f56b25016435  .orchestration/contracts/fixtures/workshop/WM22-price-basis-unknown.json
3f0ce5b39653e49a0acfde40b2b161de2896c4e3a1cb254c57faeda5f211734c  .orchestration/contracts/fixtures/workshop/WM23-tax-basis-unknown.json
8ac57927c0bb64faf9f438cd0f3b168a15344fe1eaa81a6284b5b3804b427cfa  .orchestration/contracts/fixtures/workshop/WM24-rounding-float-trap.json
26a5756e50448e2e41b1d4bc4225d4895c6f06da26f5a102454829892ab42bf3  .orchestration/contracts/fixtures/workshop/WM25-spending-unknown-window-known.json
9cca05ce86d0cfc823ca8c54ce12e32682cf4b73cd0e62558b963a8f2270bfd9  .orchestration/contracts/fixtures/workshop/WM26-start-point-unknown.json
3f4110d401a9d33e9cb50039afdd550da8b9be6dc719d8bd9c487167048d61c5  .orchestration/contracts/fixtures/workshop/WM27-end-point-unknown.json
39ecb8401f24c156299991e032737bd4b79b58a12cee7d1555ecaa00a2ef58e8  .orchestration/contracts/fixtures/workshop/WM28-end-unresolvable.json
c95f5107560ff7966defda511254de6a1b4bf95382e5b86c741978d8785c3fe9  .orchestration/contracts/fixtures/workshop/WM29-start-unresolvable-window-known.json
413bb5be1e5babcaedb67e54143434aa53bb889f6033a3066c96bcc1c0a3fd49  .orchestration/contracts/fixtures/workshop/WM30-income-list-partial.json
81229cb5f092c51313f7fbbc33b2ec490e524f30a88b24f01a8ee364dcc43732  .orchestration/contracts/fixtures/workshop/WM31-retirement-age-unknown.json
53a377db66ed8b9ef9f2f534e56841db94c2170230d00b50de088ecef9856f73  .orchestration/contracts/fixtures/workshop/WM32-unresolved-start-end-at-retirement.json
b27ce57c1ebcbe5aae2e1ed1af0d444b38a2be194c34a1e7c247c9d920f382ed  .orchestration/contracts/fixtures/workshop/WM33-unresolved-start-end-inside-window.json
2b7a10afdc06c30b3023a85a12428738e217de6734d23f6082abb14836ac9675  .orchestration/contracts/fixtures/workshop/WM34-combined-unknowns-code-sets.json
677c38d48e1c45d09c1f0b802d417415ce1abc1fbaecade97a9e98a5a842d437  .orchestration/contracts/fixtures/workshop/WM35-capital-illustration-deferred-retirement.json
baccacfa1a78bc18572e7b47b06787ca1c66de2bf2822dafe74fac458434dec6  .orchestration/contracts/fixtures/workshop/WM36-capital-illustration-all-surplus.json
c8201bc12d53855c251ab2d5583673683940aeecaf327467d239a4ad5bc03071  .orchestration/contracts/fixtures/workshop/clip-rules.json
e2c690ff8cc11b85182e29b721aff9a08c845f1044abe01c65112087f8c11c8b  .orchestration/contracts/fixtures/workshop/index.json
== logged approval hashes still match
OK 49 / 49
== 1 fixtures (independent BigInt model)
exit=0
WM fixtures: 36 pass, 0 fail, of 36
index.json: 37 entries, 0 mismatches; fixture files 36
clip-rules: 45 pass, 0 fail
== 2 closed forms and bounds
exit=0
ALL OK
== 3 schema: examples (Ajv 8)
exit=0
ALL EXAMPLES BEHAVE AS STATED (Ajv 8)
== 4 schema: examples + fixture inputs (jsonschema 4.26)
exit=0
ALL EXAMPLES BEHAVE AS STATED (jsonschema)
== 5 schema: exhaustive XF-01/02/03 sweeps + mutations
exit=0
ALL SWEEPS OK
== 6 fuzz properties seed 20260930 n 3000
generated 3000 violations {}
== 7 differential vs A2 reference (oracle only) seed 20260930
compared 3000 identical 3000 different 0
== 8 metamorphic unknown-independence seed 20260930
checks 5991 by_kind {'partner_age': 310, 'price_basis': 949, 'amount': 498, 'end': 1, 'start': 56} violations 0
== 6 fuzz properties seed 777 n 5000
generated 5000 violations {}
== 7 differential vs A2 reference (oracle only) seed 777
compared 5000 identical 5000 different 0
== 8 metamorphic unknown-independence seed 777
checks 9990 by_kind {'price_basis': 1790, 'start': 173, 'amount': 652, 'partner_age': 437, 'end': 56} violations 0
== 9 negative controls (fault injection into model_faults.mjs)
baseline (no fault): 0 mismatches 
MISSED  joint_uses_partner                   
MISSED  today_dollars_uses_q                 
MISSED  group_from_rounded_rows              
MISSED  deflate_rounded_gap                  
MISSED  horizon_flag_known_amount_only       
MISSED  uncertain_flag_any                   
MISSED  R_code_only_if_A_known               
MISSED  no_global_codes_without_window       
caught 35 missed 8
== 10 demos of unpinned rules

U1 today-dollar pension, q=0, i=2%, starts in 10 years  (valid input: true; fault: today_dollars_uses_q)
  t | contract P / gap_cents        | faulty P / gap_cents
  10 | 2925587 / 4388380            | 2400000 / 4913967
  11 | 2925587 / 4534659            | 2400000 / 5060246
  12 | 2925587 / 4683864            | 2400000 / 5209451
  clip contract W07 vs faulty W07

U2 joint rental from age 65, partner 5 years younger  (valid input: true; fault: joint_uses_partner)
  t | contract P / gap_cents        | faulty P / gap_cents
  2 | 0 / 4800000                   | 0 / 4800000
  3 | 0 / 4800000                   | 0 / 4800000
  4 | 0 / 4800000                   | 0 / 4800000
  5 | 1200000 / 3600000             | 0 / 4800000
  6 | 1200000 / 3600000             | 0 / 4800000
  7 | 1200000 / 3600000             | 0 / 4800000
  clip contract W09 vs faulty W09
{
 "compared": 2,
 "identical": 2,
 "different": 0,
 "kinds": {}
}
Demo A t=1: per-source {"src-1":1010050,"src-2":1010050}; income_net_cents conformant 2020101 vs rounded-rows fault 2020100
Demo B t=2: exact gap 1060374.030225; gap_today_dollars_cents conformant 1029265 vs deflate-rounded fault 1029264
== done
