### command: python3 -c "
import hashlib,os,json
d='base02'; b='/home/user/bill/.orchestration/evidence/F03/base02/before'
out={}
for f in sorted(os.listdir(d)):
    if f.endswith('.png'):
        h=hashlib.sha256(open(d+'/'+f,'rb').read()).hexdigest()
        rec=json.load(open(d+'/records/'+f[:-4]+'.json'))['screenshot_sha256']
        hb=hashlib.sha256(open(b+'/'+f,'rb').read()).hexdigest()
        out[f]=(h==rec, h==hb)
        print(f, h, 'record_match', h==rec, 'builder_before_match', h==hb)
print('all match:', all(a and c for a,c in out.values()), len(out))
" && rm -f base02/*.png && rm -rf base02/pw-output && ls base02 && du -sh .
### cwd: /home/user/bill/.orchestration/evidence/F03/a6-attempt2
### start: 2026-09-30T10:40:30Z
--- output ---
en-home-1440.png b03de88a488d28039ddad1b3d20df0769aa1d75262a803f43c5c9093d47456cc record_match True builder_before_match True
en-home-320.png be5833da96ff38ddcce89b30845556dcb3ed6268df1621e37f2b283a28d2a394 record_match True builder_before_match True
en-home-390.png 5f8a23a74fb5c840143115c4a632bcaabf2f40a63f9b261a94add96365b6f827 record_match True builder_before_match True
en-home-768.png da2494776a30fbddc2c4e49f03f62aedb36f57bb648590db00c8075910381864 record_match True builder_before_match True
en-meeting-1440.png 28ccdef4a970dff3382ea57dd29e90d1a232a4cbfd359ed696a6882b2b2afaa0 record_match True builder_before_match True
en-meeting-320.png 059785367421d931849c3ba8e3dfb502aab8af0bc2117ba08528cda05dcd3ca4 record_match True builder_before_match True
en-meeting-390.png 869e509a35f8b3a650ffb3c0b190e2fbdd3935f4bc47542a885661278b6dfb40 record_match True builder_before_match True
en-meeting-768.png 8fc9d90d055d9bc7955119b79fda2ce8b723c0917ca9cfa8c5ed574aae33c44b record_match True builder_before_match True
en-resources-1440.png db0f58185f8f8b69d8c46735383a668bd655870f3dc79b7a4c681bc635eda8ee record_match True builder_before_match True
en-resources-320.png 9f84ee0bd69152e79cc8af6e1ba48832c8619af1d181558863a0852e9acf848b record_match True builder_before_match True
en-resources-390.png 05c0bc705e8b2f031c52e39e1c1057ca3192f079d9a38a14c4bf2c71fc6814d8 record_match True builder_before_match True
en-resources-768.png a3d23103fd8bfcc1f8e46f37c3bf1b0ea702e3391feb48d52caac39866f1026f record_match True builder_before_match True
fr-home-1440.png e42b51800d41a025587bc36fafe40f31d6b1169bcc10dd0da232efffa667e222 record_match True builder_before_match True
fr-home-320.png 1122eb0d65c9c2bad460a7286c63bcd92e82e7cca957bc7fd87d6f0b6d4d2f44 record_match True builder_before_match True
fr-home-390.png 84b9ddbc94d06505b21f0cc22edc305c04aac390e3ddb4e1b0324ef7ad094dd2 record_match True builder_before_match True
fr-home-768.png 4fb8117c9722a4040cef7e3f4cd7f04df47c33c9af8b3281ffc22066e62190c2 record_match True builder_before_match True
fr-meeting-1440.png 4dab9112b6f37db0cd213b4f33ad16614a27c78a088103ae002ccadbe133e2a1 record_match True builder_before_match True
fr-meeting-320.png f45954344782fe61ed1ee62426198e91289939bd80146cc2a84267046459fd8c record_match True builder_before_match True
fr-meeting-390.png f22c5c3459270d6614bad75d302b8313ce4c505146584e404594be4207bedfb0 record_match True builder_before_match True
fr-meeting-768.png 9fcdc64393d8ea39c8815c4336d2e4def208a0cdd607e41a4f0560a5e72b35e8 record_match True builder_before_match True
fr-resources-1440.png 6828d4396556a9a817fe448ac63e74774fe019386b8b02057bc4555d9c55e60a record_match True builder_before_match True
fr-resources-320.png 6fb6b70fd042cca6a5db2a9b4d180b0da7947389a3c67ead3b15123afe4aa78f record_match True builder_before_match True
fr-resources-390.png dd39a41fb054f8b9c154e95fb9c90f5e42b99b74100b26191fe054f9705637ba record_match True builder_before_match True
fr-resources-768.png 2207e50062bb9b458497dc5d32e33365d4947379eedd4c1bcc5232d8562747a5 record_match True builder_before_match True
all match: True 24
records
588K	.
--- end ---
### exit: 0
### wall_s: 0.3

