### command: cd /home/user/bill/.orchestration/evidence/F03/a6-attempt1/base02 && for f in *.png; do a=$(sha256sum $f | cut -c1-64); b=$(sha256sum /home/user/bill/.orchestration/evidence/F03/base02/before/$f | cut -c1-64); r=$(python3 -c "import json;print(json.load(open('records/${f%.png}.json'))['screenshot_sha256'])"); echo "$f a6=$a builder_before=$b record=$r $([ $a = $b ] && [ $a = $r ] && echo MATCH || echo MISMATCH)"; done; rm -f /home/user/bill/.orchestration/evidence/F03/a6-attempt1/base02/*.png; rm -rf /home/user/bill/.orchestration/evidence/F03/a6-attempt1/base02/pw-output; echo pruned_pngs_kept_records=$(ls /home/user/bill/.orchestration/evidence/F03/a6-attempt1/base02/records | wc -l)
### cwd: /home/user/bill
### start: 2026-09-30T09:59:01Z
en-home-1440.png a6=b03de88a488d28039ddad1b3d20df0769aa1d75262a803f43c5c9093d47456cc builder_before=b03de88a488d28039ddad1b3d20df0769aa1d75262a803f43c5c9093d47456cc record=b03de88a488d28039ddad1b3d20df0769aa1d75262a803f43c5c9093d47456cc MATCH
en-home-320.png a6=be5833da96ff38ddcce89b30845556dcb3ed6268df1621e37f2b283a28d2a394 builder_before=be5833da96ff38ddcce89b30845556dcb3ed6268df1621e37f2b283a28d2a394 record=be5833da96ff38ddcce89b30845556dcb3ed6268df1621e37f2b283a28d2a394 MATCH
en-home-390.png a6=5f8a23a74fb5c840143115c4a632bcaabf2f40a63f9b261a94add96365b6f827 builder_before=5f8a23a74fb5c840143115c4a632bcaabf2f40a63f9b261a94add96365b6f827 record=5f8a23a74fb5c840143115c4a632bcaabf2f40a63f9b261a94add96365b6f827 MATCH
en-home-768.png a6=da2494776a30fbddc2c4e49f03f62aedb36f57bb648590db00c8075910381864 builder_before=da2494776a30fbddc2c4e49f03f62aedb36f57bb648590db00c8075910381864 record=da2494776a30fbddc2c4e49f03f62aedb36f57bb648590db00c8075910381864 MATCH
en-meeting-1440.png a6=28ccdef4a970dff3382ea57dd29e90d1a232a4cbfd359ed696a6882b2b2afaa0 builder_before=28ccdef4a970dff3382ea57dd29e90d1a232a4cbfd359ed696a6882b2b2afaa0 record=28ccdef4a970dff3382ea57dd29e90d1a232a4cbfd359ed696a6882b2b2afaa0 MATCH
en-meeting-320.png a6=059785367421d931849c3ba8e3dfb502aab8af0bc2117ba08528cda05dcd3ca4 builder_before=059785367421d931849c3ba8e3dfb502aab8af0bc2117ba08528cda05dcd3ca4 record=059785367421d931849c3ba8e3dfb502aab8af0bc2117ba08528cda05dcd3ca4 MATCH
en-meeting-390.png a6=869e509a35f8b3a650ffb3c0b190e2fbdd3935f4bc47542a885661278b6dfb40 builder_before=869e509a35f8b3a650ffb3c0b190e2fbdd3935f4bc47542a885661278b6dfb40 record=869e509a35f8b3a650ffb3c0b190e2fbdd3935f4bc47542a885661278b6dfb40 MATCH
en-meeting-768.png a6=8fc9d90d055d9bc7955119b79fda2ce8b723c0917ca9cfa8c5ed574aae33c44b builder_before=8fc9d90d055d9bc7955119b79fda2ce8b723c0917ca9cfa8c5ed574aae33c44b record=8fc9d90d055d9bc7955119b79fda2ce8b723c0917ca9cfa8c5ed574aae33c44b MATCH
en-resources-1440.png a6=db0f58185f8f8b69d8c46735383a668bd655870f3dc79b7a4c681bc635eda8ee builder_before=db0f58185f8f8b69d8c46735383a668bd655870f3dc79b7a4c681bc635eda8ee record=db0f58185f8f8b69d8c46735383a668bd655870f3dc79b7a4c681bc635eda8ee MATCH
en-resources-320.png a6=9f84ee0bd69152e79cc8af6e1ba48832c8619af1d181558863a0852e9acf848b builder_before=9f84ee0bd69152e79cc8af6e1ba48832c8619af1d181558863a0852e9acf848b record=9f84ee0bd69152e79cc8af6e1ba48832c8619af1d181558863a0852e9acf848b MATCH
en-resources-390.png a6=05c0bc705e8b2f031c52e39e1c1057ca3192f079d9a38a14c4bf2c71fc6814d8 builder_before=05c0bc705e8b2f031c52e39e1c1057ca3192f079d9a38a14c4bf2c71fc6814d8 record=05c0bc705e8b2f031c52e39e1c1057ca3192f079d9a38a14c4bf2c71fc6814d8 MATCH
en-resources-768.png a6=a3d23103fd8bfcc1f8e46f37c3bf1b0ea702e3391feb48d52caac39866f1026f builder_before=a3d23103fd8bfcc1f8e46f37c3bf1b0ea702e3391feb48d52caac39866f1026f record=a3d23103fd8bfcc1f8e46f37c3bf1b0ea702e3391feb48d52caac39866f1026f MATCH
fr-home-1440.png a6=e42b51800d41a025587bc36fafe40f31d6b1169bcc10dd0da232efffa667e222 builder_before=e42b51800d41a025587bc36fafe40f31d6b1169bcc10dd0da232efffa667e222 record=e42b51800d41a025587bc36fafe40f31d6b1169bcc10dd0da232efffa667e222 MATCH
fr-home-320.png a6=1122eb0d65c9c2bad460a7286c63bcd92e82e7cca957bc7fd87d6f0b6d4d2f44 builder_before=1122eb0d65c9c2bad460a7286c63bcd92e82e7cca957bc7fd87d6f0b6d4d2f44 record=1122eb0d65c9c2bad460a7286c63bcd92e82e7cca957bc7fd87d6f0b6d4d2f44 MATCH
fr-home-390.png a6=84b9ddbc94d06505b21f0cc22edc305c04aac390e3ddb4e1b0324ef7ad094dd2 builder_before=84b9ddbc94d06505b21f0cc22edc305c04aac390e3ddb4e1b0324ef7ad094dd2 record=84b9ddbc94d06505b21f0cc22edc305c04aac390e3ddb4e1b0324ef7ad094dd2 MATCH
fr-home-768.png a6=4fb8117c9722a4040cef7e3f4cd7f04df47c33c9af8b3281ffc22066e62190c2 builder_before=4fb8117c9722a4040cef7e3f4cd7f04df47c33c9af8b3281ffc22066e62190c2 record=4fb8117c9722a4040cef7e3f4cd7f04df47c33c9af8b3281ffc22066e62190c2 MATCH
fr-meeting-1440.png a6=4dab9112b6f37db0cd213b4f33ad16614a27c78a088103ae002ccadbe133e2a1 builder_before=4dab9112b6f37db0cd213b4f33ad16614a27c78a088103ae002ccadbe133e2a1 record=4dab9112b6f37db0cd213b4f33ad16614a27c78a088103ae002ccadbe133e2a1 MATCH
fr-meeting-320.png a6=f45954344782fe61ed1ee62426198e91289939bd80146cc2a84267046459fd8c builder_before=f45954344782fe61ed1ee62426198e91289939bd80146cc2a84267046459fd8c record=f45954344782fe61ed1ee62426198e91289939bd80146cc2a84267046459fd8c MATCH
fr-meeting-390.png a6=f22c5c3459270d6614bad75d302b8313ce4c505146584e404594be4207bedfb0 builder_before=f22c5c3459270d6614bad75d302b8313ce4c505146584e404594be4207bedfb0 record=f22c5c3459270d6614bad75d302b8313ce4c505146584e404594be4207bedfb0 MATCH
fr-meeting-768.png a6=9fcdc64393d8ea39c8815c4336d2e4def208a0cdd607e41a4f0560a5e72b35e8 builder_before=9fcdc64393d8ea39c8815c4336d2e4def208a0cdd607e41a4f0560a5e72b35e8 record=9fcdc64393d8ea39c8815c4336d2e4def208a0cdd607e41a4f0560a5e72b35e8 MATCH
fr-resources-1440.png a6=6828d4396556a9a817fe448ac63e74774fe019386b8b02057bc4555d9c55e60a builder_before=6828d4396556a9a817fe448ac63e74774fe019386b8b02057bc4555d9c55e60a record=6828d4396556a9a817fe448ac63e74774fe019386b8b02057bc4555d9c55e60a MATCH
fr-resources-320.png a6=6fb6b70fd042cca6a5db2a9b4d180b0da7947389a3c67ead3b15123afe4aa78f builder_before=6fb6b70fd042cca6a5db2a9b4d180b0da7947389a3c67ead3b15123afe4aa78f record=6fb6b70fd042cca6a5db2a9b4d180b0da7947389a3c67ead3b15123afe4aa78f MATCH
fr-resources-390.png a6=dd39a41fb054f8b9c154e95fb9c90f5e42b99b74100b26191fe054f9705637ba builder_before=dd39a41fb054f8b9c154e95fb9c90f5e42b99b74100b26191fe054f9705637ba record=dd39a41fb054f8b9c154e95fb9c90f5e42b99b74100b26191fe054f9705637ba MATCH
fr-resources-768.png a6=2207e50062bb9b458497dc5d32e33365d4947379eedd4c1bcc5232d8562747a5 builder_before=2207e50062bb9b458497dc5d32e33365d4947379eedd4c1bcc5232d8562747a5 record=2207e50062bb9b458497dc5d32e33365d4947379eedd4c1bcc5232d8562747a5 MATCH
pruned_pngs_kept_records=49
### exit: 0
### wall_s: 1.200595012

